// Jest Snapshot v1, https://goo.gl/fbAQLP

exports[`<UsersList/> component test with enzyme should match stored snapshot 1`] = `
<Fragment>
  <h1>
    Users list
  </h1>
  <ul>
    <li
      key="1"
    >
      Name: 
      First Name
      , Email: 
      myemail1@email.com
      , Website:
       
      www.website.com
    </li>
    <li
      key="2"
    >
      Name: 
      Second Name
      , Email: 
      myemai21@email.com
      , Website:
       
      www.website2.com
    </li>
    <li
      key="3"
    >
      Name: 
      Third Name
      , Email: 
      myemail3@email.com
      , Website:
       
      www.website3.com
    </li>
  </ul>
</Fragment>
`;
